Microchip MPLAB XC8 Compiler V2.41

Linker command line:

-W-3 \
  --edf=C:/Program Files/Microchip/MPLABX/v6.10/packs/Microchip/PIC18Fxxxx_DFP/1.4.151/xc8\pic\dat\20230323171731_en.msgs \
  -cn -h+dist/default/debug\application.X.debug.sym \
  --cmf=dist/default/debug\application.X.debug.cmf -z -Q18F4620 \
  -oC:\Users\minas\AppData\Local\Temp\xcAsg3g.\driver_tmp_3.o \
  --defsym=__MPLAB_BUILD=1 --fixupoverflow=error \
  -Mdist/default/debug/application.X.debug.map \
  --md=C:\Users\minas\AppData\Local\Temp\xcAsg3g.\driver_tmp_0.dat -E1 \
  -ver=XC8 Compiler --acfsm=1493 -ACODE=00h-0FFFFh -ACONST=00h-0FFFFh \
  -ASMALLCONST=01000h-010FFhx240 -AMEDIUMCONST=01000h-0FFFFh \
  -ACOMRAM=01h-07Fh -AABS1=00h-0F7Fh -ABIGRAM=01h-0F7Fh \
  -ARAM=080h-0FFh,0100h-01FFhx14,0F00h-0F7Fh -ABANK0=080h-0FFh \
  -ABANK1=0100h-01FFh -ABANK2=0200h-02FFh -ABANK3=0300h-03FFh \
  -ABANK4=0400h-04FFh -ABANK5=0500h-05FFh -ABANK6=0600h-06FFh \
  -ABANK7=0700h-07FFh -ABANK8=0800h-08FFh -ABANK9=0900h-09FFh \
  -ABANK10=0A00h-0AFFh -ABANK11=0B00h-0BFFh -ABANK12=0C00h-0CFFh \
  -ABANK13=0D00h-0DFFh -ABANK14=0E00h-0EFFh -ABANK15=0F00h-0F7Fh \
  -ASFR=0F80h-0FFFh -ABIGSFR=0F80h-0FFFh -ACONFIG=0300000h-030000Dh \
  -AIDLOC=0200000h-0200007h -AEEDATA=0F00000h-0F003FFh -peeprom_data=EEDATA \
  -preset_vec=00h,intcode=08h,intcodelo,powerup,init -pramtop=01000h \
  -psmallconst=SMALLCONST -pmediumconst=MEDIUMCONST -pconst=CONST \
  -AFARRAM=00h-00h \
  -prdata=COMRAM,nvrram=COMRAM,nvbit=COMRAM,rbss=COMRAM,rbit=COMRAM \
  -pfarbss=FARRAM,fardata=FARRAM,nvFARRAM=FARRAM \
  -pintsave_regs=BIGRAM,bigbss=BIGRAM,bigdata=BIGRAM -pbss=RAM \
  -pidata=CODE,irdata=CODE,ibigdata=CODE,ifardata=CODE -prparam=COMRAM \
  C:\Users\minas\AppData\Local\Temp\xcAsg3g.\driver_tmp_14.o \
  dist/default/debug\application.X.debug.o 

Object code version is 3.11

Machine type is 18F4620



                Name                               Link     Load   Length Selector   Space Scale
C:\Users\minas\AppData\Local\Temp\xcAsg3g.\driver_tmp_14.o
                config                           300000   300000        E        0       4
                init                                  E        E        4        4       0
                reset_vec                             0        0        4        0       0
dist/default/debug\application.X.debug.o
                intcode                               8        8        6        4       0
                config                           300000   300000        E        0       4
                temp                                 6E       6E        1        1       1
                smallconst                         1000     1000       44      800       0
                text57                             28F6     28F6       C4      822       0
                text56                             1044     1044      42A      822       0
                text55                             255E     255E      106      822       0
                text54                             1A76     1A76      1B4      822       0
                text53                             2664     2664      100      822       0
                text52                             3356     3356       2E      822       0
                text51                             342E     342E        4      822       0
                text50                             342A     342A        4      822       0
                text49                             3438     3438        2      822       0
                text48                             3426     3426        4      822       0
                text47                             3422     3422        4      822       0
                text46                             341E     341E        4      822       0
                text45                             341A     341A        4      822       0
                text44                             3436     3436        2      822       0
                text43                             3434     3434        2      822       0
                text42                             3416     3416        4      822       0
                text41                             3412     3412        4      822       0
                text40                             340E     340E        4      822       0
                text39                             340A     340A        4      822       0
                text38                             33F2     33F2        C      822       0
                text37                             33E6     33E6        C      822       0
                text36                             33FE     33FE        8      822       0
                text35                             33DA     33DA        C      822       0
                intcode_body                       146E     146E      416      822       0
                text33                             2BD0     2BD0       B2      822       0
                text32                             32A4     32A4       3E      822       0
                text31                             3384     3384       26      822       0
                text30                             3224     3224       42      822       0
                text29                             21C6     21C6      138      822       0
                text28                             1F3C     1F3C      14A      822       0
                text27                             22FE     22FE      132      822       0
                text26                             2FAE     2FAE       72      822       0
                text25                             3266     3266       3E      822       0
                text24                             331C     331C       3A      822       0
                text23                             2D14     2D14       92      822       0
                text22                             2F30     2F30       7E      822       0
                text21                             2086     2086      140      822       0
                text20                             32E2     32E2       3A      822       0
                text19                             1DC4     1DC4      178      822       0
                text18                             2830     2830       C6      822       0
                text17                             2B1E     2B1E       B2      822       0
                text16                             31E2     31E2       42      822       0
                text15                             3432     3432        2      822       0
                text14                             2764     2764       CC      822       0
                text13                             30CC     30CC       48      822       0
                text12                             2EB2     2EB2       7E      822       0
                text11                             1C2A     1C2A      19A      822       0
                text10                             2430     2430      12E      822       0
                text9                              3078     3078       54      822       0
                text8                              3020     3020       58      822       0
                text7                              2A6C     2A6C       B2      822       0
                text6                              315A     315A       46      822       0
                text5                              3114     3114       46      822       0
                text4                              2E34     2E34       7E      822       0
                text3                              2C82     2C82       92      822       0
                text2                              29BA     29BA       B2      822       0
                text1                              31A0     31A0       42      822       0
                text0                              1884     1884      1F2      822       0
                cstackCOMRAM                          1        1       37        1       1
                cstackBANK0                          80       80       51       80       1
                cstackBANK1                         15A      15A       10      100       1
                dataBANK1                           13E      13E       1C      100       1
                bssBANK1                            100      100       3E      100       1
                dataBANK0                            EB       EB       14       80       1
                bssBANK0                             D1       D1       1A       80       1
                dataCOMRAM                           6A       6A        4        1       1
                bssCOMRAM                            38       38       32        1       1
                cinit                              2DA6     2DA6       8E      822       0
                idataBANK1                         33AA     33AA       1C      822       0
                idataBANK0                         33C6     33C6       14      822       0
                idataCOMRAM                        3406     3406        4      822       0

TOTAL           Name                               Link     Load   Length     Space
        CLASS   CODE           
                intcode                               8        8        6         0
                init                                  E        E        4         0
                reset_vec                             0        0        4         0
                text57                             28F6     28F6       C4         0
                text56                             1044     1044      42A         0
                text55                             255E     255E      106         0
                text54                             1A76     1A76      1B4         0
                text53                             2664     2664      100         0
                text52                             3356     3356       2E         0
                text51                             342E     342E        4         0
                text50                             342A     342A        4         0
                text49                             3438     3438        2         0
                text48                             3426     3426        4         0
                text47                             3422     3422        4         0
                text46                             341E     341E        4         0
                text45                             341A     341A        4         0
                text44                             3436     3436        2         0
                text43                             3434     3434        2         0
                text42                             3416     3416        4         0
                text41                             3412     3412        4         0
                text40                             340E     340E        4         0
                text39                             340A     340A        4         0
                text38                             33F2     33F2        C         0
                text37                             33E6     33E6        C         0
                text36                             33FE     33FE        8         0
                text35                             33DA     33DA        C         0
                intcode_body                       146E     146E      416         0
                text33                             2BD0     2BD0       B2         0
                text32                             32A4     32A4       3E         0
                text31                             3384     3384       26         0
                text30                             3224     3224       42         0
                text29                             21C6     21C6      138         0
                text28                             1F3C     1F3C      14A         0
                text27                             22FE     22FE      132         0
                text26                             2FAE     2FAE       72         0
                text25                             3266     3266       3E         0
                text24                             331C     331C       3A         0
                text23                             2D14     2D14       92         0
                text22                             2F30     2F30       7E         0
                text21                             2086     2086      140         0
                text20                             32E2     32E2       3A         0
                text19                             1DC4     1DC4      178         0
                text18                             2830     2830       C6         0
                text17                             2B1E     2B1E       B2         0
                text16                             31E2     31E2       42         0
                text15                             3432     3432        2         0
                text14                             2764     2764       CC         0
                text13                             30CC     30CC       48         0
                text12                             2EB2     2EB2       7E         0
                text11                             1C2A     1C2A      19A         0
                text10                             2430     2430      12E         0
                text9                              3078     3078       54         0
                text8                              3020     3020       58         0
                text7                              2A6C     2A6C       B2         0
                text6                              315A     315A       46         0
                text5                              3114     3114       46         0
                text4                              2E34     2E34       7E         0
                text3                              2C82     2C82       92         0
                text2                              29BA     29BA       B2         0
                text1                              31A0     31A0       42         0
                text0                              1884     1884      1F2         0
                cinit                              2DA6     2DA6       8E         0
                idataBANK1                         33AA     33AA       1C         0
                idataBANK0                         33C6     33C6       14         0
                idataCOMRAM                        3406     3406        4         0

        CLASS   CONST          

        CLASS   SMALLCONST     
                smallconst                         1000     1000       44         0

        CLASS   MEDIUMCONST    

        CLASS   COMRAM         
                temp                                 6E       6E        1         1
                cstackCOMRAM                          1        1       37         1
                dataCOMRAM                           6A       6A        4         1
                bssCOMRAM                            38       38       32         1

        CLASS   ABS1           

        CLASS   BIGRAM         

        CLASS   RAM            

        CLASS   BANK0          
                cstackBANK0                          80       80       51         1
                dataBANK0                            EB       EB       14         1
                bssBANK0                             D1       D1       1A         1

        CLASS   BANK1          
                cstackBANK1                         15A      15A       10         1
                dataBANK1                           13E      13E       1C         1
                bssBANK1                            100      100       3E         1

        CLASS   BANK2          

        CLASS   BANK3          

        CLASS   BANK4          

        CLASS   BANK5          

        CLASS   BANK6          

        CLASS   BANK7          

        CLASS   BANK8          

        CLASS   BANK9          

        CLASS   BANK10         

        CLASS   BANK11         

        CLASS   BANK12         

        CLASS   BANK13         

        CLASS   BANK14         

        CLASS   BANK15         

        CLASS   SFR            

        CLASS   BIGSFR         

        CLASS   CONFIG         
                config                           300000   300000        E         4

        CLASS   IDLOC          

        CLASS   EEDATA         

        CLASS   FARRAM         

        CLASS   HEAP           

        CLASS   STACK          



SEGMENTS        Name                           Load    Length   Top    Selector   Space  Class

                reset_vec                      000000  000004  000004         0       0  CODE    
                cstackCOMRAM                   000001  00006E  00006F         1       1  COMRAM  
                intcode                        000008  00000A  000012         4       0  CODE    
                cstackBANK0                    000080  00007F  0000FF        80       1  BANK0   
                bssBANK1                       000100  00006A  00016A       100       1  BANK1   
                smallconst                     001000  000044  001044       800       0  SMALLCON
                text56                         001044  0023F6  00343A       822       0  CODE    


UNUSED ADDRESS RANGES

        Name                Unused          Largest block    Delta
        BANK0            0000FF-0000FF                1
        BANK1            00016A-0001FF               96
        BANK10           000A00-000AFF              100
        BANK11           000B00-000BFF              100
        BANK12           000C00-000CFF              100
        BANK13           000D00-000DFF              100
        BANK14           000E00-000EFF              100
        BANK15           000F00-000F7F               80
        BANK2            000200-0002FF              100
        BANK3            000300-0003FF              100
        BANK4            000400-0004FF              100
        BANK5            000500-0005FF              100
        BANK6            000600-0006FF              100
        BANK7            000700-0007FF              100
        BANK8            000800-0008FF              100
        BANK9            000900-0009FF              100
        BIGRAM           00006F-00007F               11
                         0000FF-0000FF                1
                         00016A-000F7F              E16
        BIGSFR           000F80-000FFF               80
        CODE             000004-000007                4
                         000012-000FFF              FEE
                         00343A-00FFFF             CBC6
        COMRAM           00006F-00007F               11
        CONST            000004-000007                4
                         000012-000FFF              FEE
                         00343A-00FFFF             CBC6
        EEDATA           F00000-F003FF              400
        IDLOC            200000-200007                8
        MEDIUMCONST      00343A-00FFFF             CBC6
        RAM              0000FF-0000FF                1
                         00016A-000F7F              100
        SFR              000F80-000FFF               80
        SMALLCONST       00343A-00FFFF              100

                                  Symbol Table

?___awdiv                                            cstackBANK0  000080
?___awmod                                            cstackBANK0  000080
?___flmul                                            cstackCOMRAM 00000F
?___fltol                                            cstackCOMRAM 000028
?___xxtofl                                           cstackCOMRAM 000001
?_abs                                                cstackBANK0  000086
?_sprintf                                            cstackBANK0  0000BE
?_vfprintf                                           cstackBANK0  0000B6
ADC_GetConversionResult@_adc                         cstackCOMRAM 000001
ADC_GetConversionResult@conversion_result            cstackCOMRAM 000003
ADC_GetConversionResult@ret                          cstackCOMRAM 000008
ADC_Init@_adc                                        cstackBANK0  000083
ADC_SelectChannel@_adc                               cstackBANK0  000083
ADC_SelectChannel@channel                            cstackBANK0  000085
ADC_SelectChannel@ret                                cstackBANK0  000087
ADC_StartConversion@_adc                             cstackBANK0  000080
ADC_StartConversion@ret                              cstackBANK0  000082
ADC_StartConversion_by_Interrupt@_adc                cstackBANK0  000088
ADC_StartConversion_by_Interrupt@channel             cstackBANK0  00008A
ADC_StartConversion_by_Interrupt@l_conversion_status cstackBANK0  00008B
ADC_StartConversion_by_Interrupt@ret                 cstackBANK0  00008C
CCP_Compare_Mode_Set_Value@F3115                     bssCOMRAM    000058
RB4_ISR@pin4_source                                  cstackCOMRAM 000001
RB5_ISR@pin5_source                                  cstackCOMRAM 000001
RB6_ISR@pin6_source                                  cstackCOMRAM 000001
RB7_ISR@pin7_source                                  cstackCOMRAM 000001
_ADCON0bits                                          (abs)        000FC2
_ADCON1bits                                          (abs)        000FC1
_ADCON2bits                                          (abs)        000FC0
_ADC_GetConversionResult                             text57       0028F6
_ADC_ISR                                             text52       003356
_ADC_Init                                            text29       0021C6
_ADC_InterruptHandler                                bssCOMRAM    00005E
_ADC_SelectChannel                                   text32       0032A4
_ADC_StartConversion                                 text31       003384
_ADC_StartConversion_by_Interrupt                    text30       003224
_ADC_handler                                         text53       002664
_ADRESH                                              (abs)        000FC4
_ADRESL                                              (abs)        000FC3
_BAUDCONbits                                         (abs)        000FB8
_CCP1CONbits                                         (abs)        000FBD
_CCP1_ISR                                            text51       00342E
_CCP1_InterruptHandler                               bssCOMRAM    00005C
_CCP2CONbits                                         (abs)        000FBA
_CCP2_ISR                                            text50       00342A
_CCP2_InterruptHandler                               bssCOMRAM    00005A
_CCPR2H                                              (abs)        000FBC
_CCPR2L                                              (abs)        000FBB
_EEADR                                               (abs)        000FA9
_EEADRH                                              (abs)        000FAA
_EECON1bits                                          (abs)        000FA6
_EECON2                                              (abs)        000FA7
_EEDATA                                              (abs)        000FA8
_ESUART_Framing_Error_InterruptHandler               bssBANK0     0000DB
_ESUART_Overrun_Error_InterruptHandler               bssBANK0     0000D9
_ESUART_RX_InterruptHandler                          bssBANK0     0000DD
_ESUART_TX_InterruptHandler                          bssBANK0     0000DF
_EUSART_RX_ISR                                       text49       003438
_EUSART_TX_ISR                                       text48       003426
_INT0_ISR                                            text47       003422
_INT0_InterruptHandler                               bssCOMRAM    000056
_INT1_ISR                                            text46       00341E
_INT1_InterruptHandler                               bssCOMRAM    000054
_INT2_ISR                                            text45       00341A
_INT2_InterruptHandler                               bssCOMRAM    000052
_INTCON2bits                                         (abs)        000FF1
_INTCON3bits                                         (abs)        000FF0
_INTCONbits                                          (abs)        000FF2
_InterruptManager                                    intcode      000008
_LATA                                                (abs)        000F89
_LATB                                                (abs)        000F8A
_LATC                                                (abs)        000F8B
_LATD                                                (abs)        000F8C
_LATE                                                (abs)        000F8D
_MSSP_I2C_BCL_ISR                                    text44       003436
_MSSP_I2C_ISR                                        text43       003434
_PIE1bits                                            (abs)        000F9D
_PIE2bits                                            (abs)        000FA0
_PIR1bits                                            (abs)        000F9E
_PIR2bits                                            (abs)        000FA1
_PORTA                                               (abs)        000F80
_PORTB                                               (abs)        000F81
_PORTBbits                                           (abs)        000F81
_PORTC                                               (abs)        000F82
_PORTD                                               (abs)        000F83
_PORTE                                               (abs)        000F84
_RB4_Flag                                            dataCOMRAM   00006D
_RB4_ISR                                             text42       003416
_RB4_InterruptHandler_HIGH                           bssCOMRAM    00004E
_RB4_InterruptHandler_LOW                            bssCOMRAM    000050
_RB5_Flag                                            dataCOMRAM   00006C
_RB5_ISR                                             text41       003412
_RB5_InterruptHandler_HIGH                           bssCOMRAM    00004A
_RB5_InterruptHandler_LOW                            bssCOMRAM    00004C
_RB6_Flag                                            dataCOMRAM   00006B
_RB6_ISR                                             text40       00340E
_RB6_InterruptHandler_HIGH                           bssCOMRAM    000046
_RB6_InterruptHandler_LOW                            bssCOMRAM    000048
_RB7_Flag                                            dataCOMRAM   00006A
_RB7_ISR                                             text39       00340A
_RB7_InterruptHandler_HIGH                           bssCOMRAM    000042
_RB7_InterruptHandler_LOW                            bssCOMRAM    000044
_RCREG                                               (abs)        000FAE
_RCSTAbits                                           (abs)        000FAB
_SPBRG                                               (abs)        000FAF
_SPBRGH                                              (abs)        000FB0
_SSPADD                                              (abs)        000FC8
_SSPBUF                                              (abs)        000FC9
_SSPCON1bits                                         (abs)        000FC6
_SSPCON2bits                                         (abs)        000FC5
_SSPSTATbits                                         (abs)        000FC7
_T0CONbits                                           (abs)        000FD5
_T1CONbits                                           (abs)        000FCD
_T2CONbits                                           (abs)        000FCA
_T3CONbits                                           (abs)        000FB1
_TMR0H                                               (abs)        000FD7
_TMR0L                                               (abs)        000FD6
_TMR1H                                               (abs)        000FCF
_TMR1L                                               (abs)        000FCE
_TMR2                                                (abs)        000FCC
_TMR3H                                               (abs)        000FB3
_TMR3L                                               (abs)        000FB2
_TRISA                                               (abs)        000F92
_TRISB                                               (abs)        000F93
_TRISC                                               (abs)        000F94
_TRISCbits                                           (abs)        000F94
_TRISD                                               (abs)        000F95
_TRISE                                               (abs)        000F96
_TXREG                                               (abs)        000FAD
_TXSTAbits                                           (abs)        000FAC
_Timer0_ISR                                          text38       0033F2
_Timer0_InterruptHandler                             bssCOMRAM    000040
_Timer1_ISR                                          text37       0033E6
_Timer1_InterruptHandler                             bssCOMRAM    00003C
_Timer2_ISR                                          text36       0033FE
_Timer2_InterruptHandler                             bssBANK0     0000E3
_Timer3_ISR                                          text35       0033DA
_Timer3_InterruptHandler                             bssBANK0     0000E1
__HRAM                                               (abs)        000000
__H__absolute__                                      __absolute__ 000000
__Habs1                                              abs1         000000
__Hbank0                                             bank0        000000
__Hbank1                                             bank1        000000
__Hbank10                                            bank10       000000
__Hbank11                                            bank11       000000
__Hbank12                                            bank12       000000
__Hbank13                                            bank13       000000
__Hbank14                                            bank14       000000
__Hbank15                                            bank15       000000
__Hbank2                                             bank2        000000
__Hbank3                                             bank3        000000
__Hbank4                                             bank4        000000
__Hbank5                                             bank5        000000
__Hbank6                                             bank6        000000
__Hbank7                                             bank7        000000
__Hbank8                                             bank8        000000
__Hbank9                                             bank9        000000
__Hbigbss                                            bigbss       000000
__Hbigdata                                           bigdata      000000
__Hbigram                                            bigram       000000
__Hbigsfr                                            bigsfr       000000
__Hbss                                               bss          000000
__HbssBANK0                                          bssBANK0     000000
__HbssBANK1                                          bssBANK1     000000
__HbssCOMRAM                                         bssCOMRAM    000000
__Hcinit                                             cinit        000000
__Hclrtext                                           clrtext      000000
__Hcomram                                            comram       000000
__Hconfig                                            config       30000E
__Hconst                                             const        000000
__HcstackBANK0                                       cstackBANK0  000000
__HcstackBANK1                                       cstackBANK1  000000
__HcstackCOMRAM                                      cstackCOMRAM 000000
__Hdata                                              data         000000
__HdataBANK0                                         dataBANK0    000000
__HdataBANK1                                         dataBANK1    000000
__HdataCOMRAM                                        dataCOMRAM   000000
__Heeprom_data                                       eeprom_data  000000
__Hfarbss                                            farbss       000000
__Hfardata                                           fardata      000000
__Hheap                                              heap         000000
__Hibigdata                                          ibigdata     000000
__Hidata                                             idata        000000
__HidataBANK0                                        idataBANK0   000000
__HidataBANK1                                        idataBANK1   000000
__HidataCOMRAM                                       idataCOMRAM  000000
__Hidloc                                             idloc        000000
__Hifardata                                          ifardata     000000
__Hinit                                              init         000012
__Hintcode                                           intcode      00000E
__Hintcode_body                                      intcode_body 000000
__Hintcodelo                                         intcodelo    00000E
__Hintentry                                          intentry     000000
__Hintret                                            intret       000000
__Hintsave_regs                                      intsave_regs 000000
__Hirdata                                            irdata       000000
__Hmediumconst                                       mediumconst  000000
__HnvFARRAM                                          nvFARRAM     000000
__Hnvbit                                             nvbit        000000
__Hnvrram                                            nvrram       000000
__Hparam                                             rparam       000000
__Hpowerup                                           powerup      00000E
__Hram                                               ram          000000
__Hramtop                                            ramtop       001000
__Hrbit                                              rbit         000000
__Hrbss                                              rbss         000000
__Hrdata                                             rdata        000000
__Hreset_vec                                         reset_vec    000004
__Hrparam                                            rparam       000000
__Hsfr                                               sfr          000000
__Hsmallconst                                        smallconst   001044
__Hspace_0                                           (abs)        00343A
__Hspace_1                                           (abs)        00016A
__Hspace_2                                           (abs)        000000
__Hspace_4                                           (abs)        60000E
__Hstack                                             stack        000000
__Hstruct                                            struct       000000
__Htemp                                              temp         00006F
__Htext                                              text         000000
__Htext0                                             text0        000000
__Htext1                                             text1        000000
__Htext10                                            text10       000000
__Htext11                                            text11       000000
__Htext12                                            text12       000000
__Htext13                                            text13       000000
__Htext14                                            text14       000000
__Htext15                                            text15       000000
__Htext16                                            text16       000000
__Htext17                                            text17       000000
__Htext18                                            text18       000000
__Htext19                                            text19       000000
__Htext2                                             text2        000000
__Htext20                                            text20       000000
__Htext21                                            text21       000000
__Htext22                                            text22       000000
__Htext23                                            text23       000000
__Htext24                                            text24       000000
__Htext25                                            text25       000000
__Htext26                                            text26       000000
__Htext27                                            text27       000000
__Htext28                                            text28       000000
__Htext29                                            text29       000000
__Htext3                                             text3        000000
__Htext30                                            text30       000000
__Htext31                                            text31       000000
__Htext32                                            text32       000000
__Htext33                                            text33       000000
__Htext35                                            text35       000000
__Htext36                                            text36       000000
__Htext37                                            text37       000000
__Htext38                                            text38       000000
__Htext39                                            text39       000000
__Htext4                                             text4        000000
__Htext40                                            text40       000000
__Htext41                                            text41       000000
__Htext42                                            text42       000000
__Htext43                                            text43       000000
__Htext44                                            text44       000000
__Htext45                                            text45       000000
__Htext46                                            text46       000000
__Htext47                                            text47       000000
__Htext48                                            text48       000000
__Htext49                                            text49       000000
__Htext5                                             text5        000000
__Htext50                                            text50       000000
__Htext51                                            text51       000000
__Htext52                                            text52       000000
__Htext53                                            text53       000000
__Htext54                                            text54       000000
__Htext55                                            text55       000000
__Htext56                                            text56       000000
__Htext57                                            text57       000000
__Htext58                                            text58       000000
__Htext6                                             text6        000000
__Htext7                                             text7        000000
__Htext8                                             text8        000000
__Htext9                                             text9        000000
__LRAM                                               (abs)        000001
__L__absolute__                                      __absolute__ 000000
__Labs1                                              abs1         000000
__Lbank0                                             bank0        000000
__Lbank1                                             bank1        000000
__Lbank10                                            bank10       000000
__Lbank11                                            bank11       000000
__Lbank12                                            bank12       000000
__Lbank13                                            bank13       000000
__Lbank14                                            bank14       000000
__Lbank15                                            bank15       000000
__Lbank2                                             bank2        000000
__Lbank3                                             bank3        000000
__Lbank4                                             bank4        000000
__Lbank5                                             bank5        000000
__Lbank6                                             bank6        000000
__Lbank7                                             bank7        000000
__Lbank8                                             bank8        000000
__Lbank9                                             bank9        000000
__Lbigbss                                            bigbss       000000
__Lbigdata                                           bigdata      000000
__Lbigram                                            bigram       000000
__Lbigsfr                                            bigsfr       000000
__Lbss                                               bss          000000
__LbssBANK0                                          bssBANK0     000000
__LbssBANK1                                          bssBANK1     000000
__LbssCOMRAM                                         bssCOMRAM    000000
__Lcinit                                             cinit        000000
__Lclrtext                                           clrtext      000000
__Lcomram                                            comram       000000
__Lconfig                                            config       000000
__Lconst                                             const        000000
__LcstackBANK0                                       cstackBANK0  000000
__LcstackBANK1                                       cstackBANK1  000000
__LcstackCOMRAM                                      cstackCOMRAM 000000
__Ldata                                              data         000000
__LdataBANK0                                         dataBANK0    000000
__LdataBANK1                                         dataBANK1    000000
__LdataCOMRAM                                        dataCOMRAM   000000
__Leeprom_data                                       eeprom_data  000000
__Lfarbss                                            farbss       000000
__Lfardata                                           fardata      000000
__Lheap                                              heap         000000
__Libigdata                                          ibigdata     000000
__Lidata                                             idata        000000
__LidataBANK0                                        idataBANK0   000000
__LidataBANK1                                        idataBANK1   000000
__LidataCOMRAM                                       idataCOMRAM  000000
__Lidloc                                             idloc        000000
__Lifardata                                          ifardata     000000
__Linit                                              init         00000E
__Lintcode                                           intcode      000008
__Lintcode_body                                      intcode_body 000000
__Lintcodelo                                         intcodelo    00000E
__Lintentry                                          intentry     000000
__Lintret                                            intret       000000
__Lintsave_regs                                      intsave_regs 000000
__Lirdata                                            irdata       000000
__Lmediumconst                                       mediumconst  000000
__LnvFARRAM                                          nvFARRAM     000000
__Lnvbit                                             nvbit        000000
__Lnvrram                                            nvrram       000000
__Lparam                                             rparam       000000
__Lpowerup                                           powerup      00000E
__Lram                                               ram          000000
__Lramtop                                            ramtop       001000
__Lrbit                                              rbit         000000
__Lrbss                                              rbss         000000
__Lrdata                                             rdata        000000
__Lreset_vec                                         reset_vec    000000
__Lrparam                                            rparam       000000
__Lsfr                                               sfr          000000
__Lsmallconst                                        smallconst   001000
__Lspace_0                                           (abs)        000000
__Lspace_1                                           (abs)        000000
__Lspace_2                                           (abs)        000000
__Lspace_4                                           (abs)        000000
__Lstack                                             stack        000000
__Lstruct                                            struct       000000
__Ltemp                                              temp         00006E
__Ltext                                              text         000000
__Ltext0                                             text0        000000
__Ltext1                                             text1        000000
__Ltext10                                            text10       000000
__Ltext11                                            text11       000000
__Ltext12                                            text12       000000
__Ltext13                                            text13       000000
__Ltext14                                            text14       000000
__Ltext15                                            text15       000000
__Ltext16                                            text16       000000
__Ltext17                                            text17       000000
__Ltext18                                            text18       000000
__Ltext19                                            text19       000000
__Ltext2                                             text2        000000
__Ltext20                                            text20       000000
__Ltext21                                            text21       000000
__Ltext22                                            text22       000000
__Ltext23                                            text23       000000
__Ltext24                                            text24       000000
__Ltext25                                            text25       000000
__Ltext26                                            text26       000000
__Ltext27                                            text27       000000
__Ltext28                                            text28       000000
__Ltext29                                            text29       000000
__Ltext3                                             text3        000000
__Ltext30                                            text30       000000
__Ltext31                                            text31       000000
__Ltext32                                            text32       000000
__Ltext33                                            text33       000000
__Ltext35                                            text35       000000
__Ltext36                                            text36       000000
__Ltext37                                            text37       000000
__Ltext38                                            text38       000000
__Ltext39                                            text39       000000
__Ltext4                                             text4        000000
__Ltext40                                            text40       000000
__Ltext41                                            text41       000000
__Ltext42                                            text42       000000
__Ltext43                                            text43       000000
__Ltext44                                            text44       000000
__Ltext45                                            text45       000000
__Ltext46                                            text46       000000
__Ltext47                                            text47       000000
__Ltext48                                            text48       000000
__Ltext49                                            text49       000000
__Ltext5                                             text5        000000
__Ltext50                                            text50       000000
__Ltext51                                            text51       000000
__Ltext52                                            text52       000000
__Ltext53                                            text53       000000
__Ltext54                                            text54       000000
__Ltext55                                            text55       000000
__Ltext56                                            text56       000000
__Ltext57                                            text57       000000
__Ltext58                                            text58       000000
__Ltext6                                             text6        000000
__Ltext7                                             text7        000000
__Ltext8                                             text8        000000
__Ltext9                                             text9        000000
__S0                                                 (abs)        00343A
__S1                                                 (abs)        00016A
__S4                                                 (abs)        000000
__S5                                                 (abs)        000000
___awdiv                                             text18       002830
___awdiv@counter                                     cstackBANK0  000084
___awdiv@dividend                                    cstackBANK0  000080
___awdiv@divisor                                     cstackBANK0  000082
___awdiv@quotient                                    cstackBANK0  000086
___awdiv@sign                                        cstackBANK0  000085
___awmod                                             text17       002B1E
___awmod@counter                                     cstackBANK0  000084
___awmod@dividend                                    cstackBANK0  000080
___awmod@divisor                                     cstackBANK0  000082
___awmod@sign                                        cstackBANK0  000085
___flmul                                             text56       001044
___flmul@a                                           cstackCOMRAM 000013
___flmul@aexp                                        cstackCOMRAM 000020
___flmul@b                                           cstackCOMRAM 00000F
___flmul@bexp                                        cstackCOMRAM 000021
___flmul@grs                                         cstackCOMRAM 00001C
___flmul@prod                                        cstackCOMRAM 000022
___flmul@sign                                        cstackCOMRAM 00001B
___flmul@temp                                        cstackCOMRAM 000026
___fltol                                             text55       00255E
___fltol@exp1                                        cstackCOMRAM 000031
___fltol@f1                                          cstackCOMRAM 000028
___fltol@sign1                                       cstackCOMRAM 000030
___heap_hi                                           (abs)        000000
___heap_lo                                           (abs)        000000
___inthi_sp                                          stack        000000
___intlo_sp                                          stack        000000
___param_bank                                        (abs)        000000
___rparam_used                                       (abs)        000001
___sp                                                stack        000000
___xxtofl                                            text54       001A76
___xxtofl@arg                                        cstackCOMRAM 00000B
___xxtofl@exp                                        cstackCOMRAM 00000A
___xxtofl@sign                                       cstackCOMRAM 000009
___xxtofl@val                                        cstackCOMRAM 000001
__accesstop                                          (abs)        000080
__activetblptr                                       (abs)        000003
__end_of_ADC_GetConversionResult                     text57       0029BA
__end_of_ADC_ISR                                     text52       003384
__end_of_ADC_Init                                    text29       0022FE
__end_of_ADC_SelectChannel                           text32       0032E2
__end_of_ADC_StartConversion                         text31       0033AA
__end_of_ADC_StartConversion_by_Interrupt            text30       003266
__end_of_ADC_handler                                 text53       002764
__end_of_CCP1_ISR                                    text51       003432
__end_of_CCP2_ISR                                    text50       00342E
__end_of_EUSART_RX_ISR                               text49       00343A
__end_of_EUSART_TX_ISR                               text48       00342A
__end_of_INT0_ISR                                    text47       003426
__end_of_INT1_ISR                                    text46       003422
__end_of_INT2_ISR                                    text45       00341E
__end_of_InterruptManager                            intcode_body 001884
__end_of_MSSP_I2C_BCL_ISR                            text44       003438
__end_of_MSSP_I2C_ISR                                text43       003436
__end_of_RB4_ISR                                     text42       00341A
__end_of_RB5_ISR                                     text41       003416
__end_of_RB6_ISR                                     text40       003412
__end_of_RB7_ISR                                     text39       00340E
__end_of_Timer0_ISR                                  text38       0033FE
__end_of_Timer1_ISR                                  text37       0033F2
__end_of_Timer2_ISR                                  text36       003406
__end_of_Timer3_ISR                                  text35       0033E6
__end_of___awdiv                                     text18       0028F6
__end_of___awmod                                     text17       002BD0
__end_of___flmul                                     text56       00146E
__end_of___fltol                                     text55       002664
__end_of___xxtofl                                    text54       001C2A
__end_of__initialization                             cinit        002E2A
__end_of_abs                                         text16       003224
__end_of_adc_input_channel_port_configure            text33       002C82
__end_of_application_initialization                  text20       00331C
__end_of_btn_values                                  smallconst   001011
__end_of_convert_uint16_to_string                    text7        002B1E
__end_of_dc_motor_initialization                     text25       0032A4
__end_of_dc_motor_stop                               text6        0031A0
__end_of_dc_motor_turn_left                          text5        00315A
__end_of_dtoa                                        text11       001DC4
__end_of_fputc                                       text14       002830
__end_of_fputs                                       text13       003114
__end_of_gpio_pin_direction_initialize               text28       002086
__end_of_gpio_pin_initialize                         text26       003020
__end_of_gpio_pin_write_logic                        text27       002430
__end_of_lcd_4bit_char_data                          text4        002EB2
__end_of_lcd_4bit_char_string                        text3        002D14
__end_of_lcd_4bit_char_string_pos                    text1        0031E2
__end_of_lcd_4bit_initialize                         text21       0021C6
__end_of_lcd_4bit_send_command                       text22       002FAE
__end_of_lcd_4bit_send_enable_signal                 text24       003356
__end_of_lcd_4bit_send_set_cursor                    text2        002A6C
__end_of_main                                        text0        001A76
__end_of_memset                                      text19       001F3C
__end_of_pad                                         text12       002F30
__end_of_putch                                       text15       003434
__end_of_send_4bits                                  text23       002DA6
__end_of_sprintf                                     text8        003078
__end_of_vfpfcnvrt                                   text10       00255E
__end_of_vfprintf                                    text9        0030CC
__initialization                                     cinit        002DA6
__mediumconst                                        mediumconst  000000
__pbssBANK0                                          bssBANK0     0000D1
__pbssBANK1                                          bssBANK1     000100
__pbssCOMRAM                                         bssCOMRAM    000038
__pcinit                                             cinit        002DA6
__pcstackBANK0                                       cstackBANK0  000080
__pcstackBANK1                                       cstackBANK1  00015A
__pcstackCOMRAM                                      cstackCOMRAM 000001
__pdataBANK0                                         dataBANK0    0000EB
__pdataBANK1                                         dataBANK1    00013E
__pdataCOMRAM                                        dataCOMRAM   00006A
__pidataBANK0                                        idataBANK0   0033C6
__pidataBANK1                                        idataBANK1   0033AA
__pidataCOMRAM                                       idataCOMRAM  003406
__pintcode                                           intcode      000008
__pintcode_body                                      intcode_body 00146E
__psmallconst                                        smallconst   001000
__ptext0                                             text0        001884
__ptext1                                             text1        0031A0
__ptext10                                            text10       002430
__ptext11                                            text11       001C2A
__ptext12                                            text12       002EB2
__ptext13                                            text13       0030CC
__ptext14                                            text14       002764
__ptext15                                            text15       003432
__ptext16                                            text16       0031E2
__ptext17                                            text17       002B1E
__ptext18                                            text18       002830
__ptext19                                            text19       001DC4
__ptext2                                             text2        0029BA
__ptext20                                            text20       0032E2
__ptext21                                            text21       002086
__ptext22                                            text22       002F30
__ptext23                                            text23       002D14
__ptext24                                            text24       00331C
__ptext25                                            text25       003266
__ptext26                                            text26       002FAE
__ptext27                                            text27       0022FE
__ptext28                                            text28       001F3C
__ptext29                                            text29       0021C6
__ptext3                                             text3        002C82
__ptext30                                            text30       003224
__ptext31                                            text31       003384
__ptext32                                            text32       0032A4
__ptext33                                            text33       002BD0
__ptext35                                            text35       0033DA
__ptext36                                            text36       0033FE
__ptext37                                            text37       0033E6
__ptext38                                            text38       0033F2
__ptext39                                            text39       00340A
__ptext4                                             text4        002E34
__ptext40                                            text40       00340E
__ptext41                                            text41       003412
__ptext42                                            text42       003416
__ptext43                                            text43       003434
__ptext44                                            text44       003436
__ptext45                                            text45       00341A
__ptext46                                            text46       00341E
__ptext47                                            text47       003422
__ptext48                                            text48       003426
__ptext49                                            text49       003438
__ptext5                                             text5        003114
__ptext50                                            text50       00342A
__ptext51                                            text51       00342E
__ptext52                                            text52       003356
__ptext53                                            text53       002664
__ptext54                                            text54       001A76
__ptext55                                            text55       00255E
__ptext56                                            text56       001044
__ptext57                                            text57       0028F6
__ptext58                                            text58       000000
__ptext6                                             text6        00315A
__ptext7                                             text7        002A6C
__ptext8                                             text8        003020
__ptext9                                             text9        003078
__ramtop                                             ramtop       001000
__smallconst                                         smallconst   001000
_abs                                                 text16       0031E2
_adc_1                                               dataBANK1    000152
_adc_input_channel_port_configure                    text33       002BD0
_adcflag                                             bssBANK0     0000E6
_adcres1                                             bssBANK0     0000E9
_adcres1txt                                          bssBANK1     000138
_adcres2                                             bssBANK0     0000E7
_adcres2txt                                          bssBANK1     000132
_application_initialization                          text20       0032E2
_btn_values                                          smallconst   001001
_convert_uint16_to_string                            text7        002A6C
_dbuf                                                bssBANK1     000112
_dc_motor_initialization                             text25       003266
_dc_motor_stop                                       text6        00315A
_dc_motor_turn_left                                  text5        003114
_dtoa                                                text11       001C2A
_dtoa$4430                                           cstackBANK0  00009F
_flags                                               bssBANK0     0000E5
_fputc                                               text14       002764
_fputs                                               text13       0030CC
_gpio_pin_direction_initialize                       text28       001F3C
_gpio_pin_initialize                                 text26       002FAE
_gpio_pin_write_logic                                text27       0022FE
_lat_register                                        dataBANK1    000148
_lcd1                                                dataBANK0    0000F5
_lcd_4bit_char_data                                  text4        002E34
_lcd_4bit_char_string                                text3        002C82
_lcd_4bit_char_string_pos                            text1        0031A0
_lcd_4bit_initialize                                 text21       002086
_lcd_4bit_send_command                               text22       002F30
_lcd_4bit_send_enable_signal                         text24       00331C
_lcd_4bit_send_set_cursor                            text2        0029BA
_main                                                text0        001884
_memset                                              text19       001DC4
_motor1                                              dataBANK0    0000FD
_motor2                                              dataBANK0    0000FB
_pad                                                 text12       002EB2
_port_register                                       dataBANK1    00013E
_prec                                                bssBANK0     0000D7
_putch                                               text15       003432
_send_4bits                                          text23       002D14
_sprintf                                             text8        003020
_timer0_preload                                      bssCOMRAM    00003E
_timer1_preload                                      bssCOMRAM    00003A
_timer2_preload                                      bssCOMRAM    000060
_timer3_preload                                      bssCOMRAM    000038
_tris_register                                       dataBANK0    0000EB
_vfpfcnvrt                                           text10       002430
_vfprintf                                            text9        003078
_width                                               bssBANK0     0000D5
abs@a                                                cstackBANK0  000086
adc_input_channel_port_configure@channel             cstackBANK0  000082
btemp                                                temp         00006E
convert_uint16_to_string@DataCounter                 cstackBANK0  0000D0
convert_uint16_to_string@Temp_String                 cstackBANK0  0000CA
convert_uint16_to_string@str                         cstackBANK0  0000C8
convert_uint16_to_string@value                       cstackBANK0  0000C6
dc_motor_initialization@_dc_motor                    cstackBANK0  00008E
dc_motor_initialization@ret                          cstackBANK0  000090
dc_motor_stop@_dc_motor                              cstackBANK0  00008A
dc_motor_stop@ret                                    cstackBANK0  00008C
dc_motor_turn_left@_dc_motor                         cstackBANK0  00008A
dc_motor_turn_left@ret                               cstackBANK0  00008C
dtoa@d                                               cstackBANK0  00009D
dtoa@fp                                              cstackBANK0  00009B
dtoa@i                                               cstackBANK0  0000A6
dtoa@p                                               cstackBANK0  0000A1
dtoa@s                                               cstackBANK0  0000A5
dtoa@w                                               cstackBANK0  0000A3
end_of_initialization                                cinit        002E2A
fputc@c                                              cstackBANK0  000080
fputc@fp                                             cstackBANK0  000082
fputs@c                                              cstackBANK0  00008D
fputs@fp                                             cstackBANK0  00008B
fputs@i                                              cstackBANK0  00008E
fputs@s                                              cstackBANK0  000089
gpio_pin_direction_initialize@_pin_config            cstackBANK0  000080
gpio_pin_direction_initialize@ret                    cstackBANK0  000088
gpio_pin_initialize@_pin_config                      cstackBANK0  00008A
gpio_pin_initialize@ret                              cstackBANK0  00008D
gpio_pin_write_logic@_pin_config                     cstackBANK0  000080
gpio_pin_write_logic@logic                           cstackBANK0  000082
gpio_pin_write_logic@ret                             cstackBANK0  000089
int$flags                                            temp         00006E
int_func                                             intcode_body 00146E
intlevel0                                            text         000000
intlevel1                                            text         000000
intlevel2                                            text         000000
intlevel3                                            text         000000
isa$std                                              (abs)        000001
isa$xinst                                            (abs)        000000
lcd_4bit_char_data@data                              cstackBANK0  000090
lcd_4bit_char_data@lcd                               cstackBANK0  00008E
lcd_4bit_char_data@ret                               cstackBANK0  000091
lcd_4bit_char_string@lcd                             cstackBANK0  000092
lcd_4bit_char_string@ret                             cstackBANK0  000096
lcd_4bit_char_string@str                             cstackBANK0  000094
lcd_4bit_char_string_pos@coloumn                     cstackBANK0  00009B
lcd_4bit_char_string_pos@lcd                         cstackBANK0  000098
lcd_4bit_char_string_pos@row                         cstackBANK0  00009A
lcd_4bit_char_string_pos@str                         cstackBANK0  00009C
lcd_4bit_initialize@counter                          cstackBANK0  000096
lcd_4bit_initialize@lcd                              cstackBANK0  000092
lcd_4bit_initialize@ret                              cstackBANK0  000097
lcd_4bit_send_command@command                        cstackBANK0  000090
lcd_4bit_send_command@lcd                            cstackBANK0  00008E
lcd_4bit_send_command@ret                            cstackBANK0  000091
lcd_4bit_send_enable_signal@lcd                      cstackBANK0  00008A
lcd_4bit_send_enable_signal@ret                      cstackBANK0  00008C
lcd_4bit_send_set_cursor@coloumn                     cstackBANK0  000095
lcd_4bit_send_set_cursor@lcd                         cstackBANK0  000092
lcd_4bit_send_set_cursor@row                         cstackBANK0  000094
led_initialize@F3049                                 bssCOMRAM    000067
led_turn_off@F3059                                   bssCOMRAM    000065
led_turn_on@F3054                                    bssCOMRAM    000066
led_turn_toggle@F3064                                bssCOMRAM    000064
memset@c                                             cstackBANK0  000082
memset@dest                                          cstackBANK0  000080
memset@k                                             cstackBANK0  000088
memset@n                                             cstackBANK0  000084
memset@s                                             cstackBANK0  00008A
pad@buf                                              cstackBANK0  000092
pad@fp                                               cstackBANK0  000090
pad@i                                                cstackBANK0  000097
pad@p                                                cstackBANK0  000094
pad@w                                                cstackBANK0  000099
relay_initialization@F3042                           bssCOMRAM    000063
relay_turn_off@F3052                                 bssCOMRAM    000061
relay_turn_on@F3047                                  bssCOMRAM    000062
send_4bits@command                                   cstackBANK0  00008C
send_4bits@lcd                                       cstackBANK0  00008A
send_4bits@ret                                       cstackBANK0  00008D
sprintf@ap                                           cstackBANK1  00015A
sprintf@f                                            cstackBANK1  00015C
sprintf@fmt                                          cstackBANK0  0000C0
sprintf@s                                            cstackBANK0  0000BE
stackhi                                              (abs)        000000
stacklo                                              (abs)        000000
start                                                init         00000E
start_initialization                                 cinit        002DA6
ttemp5                                               temp         00006F
ttemp6                                               temp         000072
ttemp7                                               temp         000076
vfpfcnvrt@ap                                         cstackBANK0  0000AC
vfpfcnvrt@convarg                                    cstackBANK0  0000B0
vfpfcnvrt@cp                                         cstackBANK0  0000B4
vfpfcnvrt@fmt                                        cstackBANK0  0000AA
vfpfcnvrt@fp                                         cstackBANK0  0000A8
vfprintf@ap                                          cstackBANK0  0000BA
vfprintf@cfmt                                        cstackBANK0  0000BC
vfprintf@fmt                                         cstackBANK0  0000B8
vfprintf@fp                                          cstackBANK0  0000B6
wtemp8                                               temp         00006F


MODULE INFORMATION

Module		Function		Class		Link	Load	Size
C:\Program Files\Microchip\xc8\v2.41\pic\sources\c99\common\awmod.c
		___awmod       		CODE           	2B1E	0000	178

C:\Program Files\Microchip\xc8\v2.41\pic\sources\c99\common\awmod.c estimated size: 178

MCAL_LAYER/I2C/hal_i2c.c
		_MSSP_I2C_ISR  		CODE           	3434	0000	2
		_MSSP_I2C_BCL_ISR		CODE           	3436	0000	2

MCAL_LAYER/I2C/hal_i2c.c estimated size: 4

MCAL_LAYER/USART/hal_usart.c
		_EUSART_RX_ISR 		CODE           	3438	0000	2
		_EUSART_TX_ISR 		CODE           	3426	0000	4

MCAL_LAYER/USART/hal_usart.c estimated size: 6

C:\Program Files\Microchip\xc8\v2.41\pic\sources\c99\common\fltol.c
		___fltol       		CODE           	255E	0000	262

C:\Program Files\Microchip\xc8\v2.41\pic\sources\c99\common\fltol.c estimated size: 262

C:\Program Files\Microchip\xc8\v2.41\pic\sources\c99\common\xxtofl.c
		___xxtofl      		CODE           	1A76	0000	436

C:\Program Files\Microchip\xc8\v2.41\pic\sources\c99\common\xxtofl.c estimated size: 436

MCAL_LAYER/Timer3/hal_timer3.c
		_Timer3_ISR    		CODE           	33DA	0000	12

MCAL_LAYER/Timer3/hal_timer3.c estimated size: 12

MCAL_LAYER/Timer2/hal_timer2.c
		_Timer2_ISR    		CODE           	33FE	0000	8

MCAL_LAYER/Timer2/hal_timer2.c estimated size: 8

C:\Program Files\Microchip\xc8\v2.41\pic\sources\c99\common\nf_fputc.c
		_fputc         		CODE           	2764	0000	204

C:\Program Files\Microchip\xc8\v2.41\pic\sources\c99\common\nf_fputc.c estimated size: 204

MCAL_LAYER/Timer1/hal_timer1.c
		_Timer1_ISR    		CODE           	33E6	0000	12

MCAL_LAYER/Timer1/hal_timer1.c estimated size: 12

MCAL_LAYER/ADC/hal_adc.c
		_adc_input_channel_port_configure		CODE           	2BD0	0000	178
		_ADC_GetConversionResult		CODE           	28F6	0000	196
		_ADC_StartConversion		CODE           	3384	0000	38
		_ADC_ISR       		CODE           	3356	0000	46
		_ADC_SelectChannel		CODE           	32A4	0000	62
		_ADC_StartConversion_by_Interrupt		CODE           	3224	0000	66
		_ADC_Init      		CODE           	21C6	0000	312

MCAL_LAYER/ADC/hal_adc.c estimated size: 898

MCAL_LAYER/Timer/hal_timer0.c
		_Timer0_ISR    		CODE           	33F2	0000	12

MCAL_LAYER/Timer/hal_timer0.c estimated size: 12

C:\Program Files\Microchip\xc8\v2.41\pic\sources\c99\common\memset.c
		_memset        		CODE           	1DC4	0000	376

C:\Program Files\Microchip\xc8\v2.41\pic\sources\c99\common\memset.c estimated size: 376

C:\Program Files\Microchip\xc8\v2.41\pic\sources\c99\common\nf_sprintf.c
		_sprintf       		CODE           	3020	0000	88

C:\Program Files\Microchip\xc8\v2.41\pic\sources\c99\common\nf_sprintf.c estimated size: 88

MCAL_LAYER/GPIO/hal_gpio.c
		_gpio_pin_write_logic		CODE           	22FE	0000	306
		_gpio_pin_direction_initialize		CODE           	1F3C	0000	330
		_gpio_pin_initialize		CODE           	2FAE	0000	114

MCAL_LAYER/GPIO/hal_gpio.c estimated size: 750

C:\Program Files\Microchip\xc8\v2.41\pic\sources\c99\common\awdiv.c
		___awdiv       		CODE           	2830	0000	198

C:\Program Files\Microchip\xc8\v2.41\pic\sources\c99\common\awdiv.c estimated size: 198

MCAL_LAYER/CCP1/hal_ccp1.c
		_CCP1_ISR      		CODE           	342E	0000	4
		_CCP2_ISR      		CODE           	342A	0000	4

MCAL_LAYER/CCP1/hal_ccp1.c estimated size: 8

C:\Program Files\Microchip\xc8\v2.41\pic\sources\c99\common\abs.c
		_abs           		CODE           	31E2	0000	66

C:\Program Files\Microchip\xc8\v2.41\pic\sources\c99\common\abs.c estimated size: 66

C:\Program Files\Microchip\xc8\v2.41\pic\sources\c99\common\doprnt.c
		_vfpfcnvrt     		CODE           	2430	0000	302
		_pad           		CODE           	2EB2	0000	126
		_dtoa          		CODE           	1C2A	0000	410
		_vfprintf      		CODE           	3078	0000	84

C:\Program Files\Microchip\xc8\v2.41\pic\sources\c99\common\doprnt.c estimated size: 922

ECU_layer/Chr_LCD/ecu_chr_lcd.c
		_lcd_4bit_char_data		CODE           	2E34	0000	126
		_lcd_4bit_send_command		CODE           	2F30	0000	126
		_lcd_4bit_char_string_pos		CODE           	31A0	0000	66
		_convert_uint16_to_string		CODE           	2A6C	0000	178
		_send_4bits    		CODE           	2D14	0000	146
		_lcd_4bit_send_enable_signal		CODE           	331C	0000	58
		_lcd_4bit_initialize		CODE           	2086	0000	320
		_lcd_4bit_send_set_cursor		CODE           	29BA	0000	178
		_lcd_4bit_char_string		CODE           	2C82	0000	146

ECU_layer/Chr_LCD/ecu_chr_lcd.c estimated size: 1344

shared
		_btn_values    		SMALLCONST     	1001	0000	16
		__initialization		CODE           	2DA6	0000	132

shared estimated size: 148

MCAL_LAYER/interrupt/mcal_interrupt_manager.c
		_InterruptManager		CODE           	0008	0000	1052

MCAL_LAYER/interrupt/mcal_interrupt_manager.c estimated size: 1052

C:\Program Files\Microchip\xc8\v2.41\pic\sources\c99\common\putch.c
		_putch         		CODE           	3432	0000	2

C:\Program Files\Microchip\xc8\v2.41\pic\sources\c99\common\putch.c estimated size: 2

C:\Program Files\Microchip\xc8\v2.41\pic\sources\c99\common\nf_fputs.c
		_fputs         		CODE           	30CC	0000	72

C:\Program Files\Microchip\xc8\v2.41\pic\sources\c99\common\nf_fputs.c estimated size: 72

MCAL_LAYER/interrupt/mcal_external_interrupt.c
		_RB4_ISR       		CODE           	3416	0000	4
		_RB5_ISR       		CODE           	3412	0000	4
		_RB6_ISR       		CODE           	340E	0000	4
		_RB7_ISR       		CODE           	340A	0000	4
		_INT0_ISR      		CODE           	3422	0000	4
		_INT1_ISR      		CODE           	341E	0000	4
		_INT2_ISR      		CODE           	341A	0000	4

MCAL_LAYER/interrupt/mcal_external_interrupt.c estimated size: 28

ECU_layer/DC_Motor/ecu_dc_motor.c
		_dc_motor_initialization		CODE           	3266	0000	62
		_dc_motor_stop 		CODE           	315A	0000	70
		_dc_motor_turn_left		CODE           	3114	0000	70

ECU_layer/DC_Motor/ecu_dc_motor.c estimated size: 202

application.c
		_ADC_handler   		CODE           	2664	0000	256
		_main          		CODE           	1884	0000	498
		_application_initialization		CODE           	32E2	0000	58

application.c estimated size: 812

C:\Program Files\Microchip\xc8\v2.41\pic\sources\c99\common\sprcmul.c
		___flmul       		CODE           	1044	0000	1066

C:\Program Files\Microchip\xc8\v2.41\pic\sources\c99\common\sprcmul.c estimated size: 1066

